// Jest Snapshot v1, https://goo.gl/fbAQLP

exports[`main.test render test ContactUs 1`] = `ShallowWrapper {}`;

exports[`main.test render test DisplayResult 1`] = `ShallowWrapper {}`;

exports[`main.test render test Divider 1`] = `ShallowWrapper {}`;

exports[`main.test render test Favourites 1`] = `ShallowWrapper {}`;

exports[`main.test render test Home 1`] = `ShallowWrapper {}`;

exports[`main.test render test RandomFood 1`] = `ShallowWrapper {}`;

exports[`main.test render test Settings 1`] = `ShallowWrapper {}`;
